<p>Shall we render the This is my page title now?</p>
